// Vitest Snapshot v1, https://vitest.dev/guide/snapshot.html

exports[`formatCheckResult — UX v2 snapshots > lang=en > high_risk level 1`] = `
"🔴 *High risk*
━━━━━━━━━━━━━━━━━━━━

🚨 High fraud risk
┈┈┈┈┈┈┈┈┈┈┈┈┈┈┈┈
🚨 *What to do*
• Do not share your SMS code or PIN
• Calmly hang up — pressure is a sign of fraud
┈┈┈┈┈┈┈┈┈┈┈┈┈┈┈┈
📌 *Why dangerous*
• Asks for an SMS confirmation code
• Uses urgency pressure
• Threatens to block your account / card
Сообщение содержит типичные признаки мошенничества\\.
┈┈┈┈┈┈┈┈┈┈┈┈┈┈┈┈
🧾 *Where to report*
• Save chat screenshots
• File a report: Cyber Police — 102
• Block the contact"
`;

exports[`formatCheckResult — UX v2 snapshots > lang=en > safe level 1`] = `
"🟢 *Safe*
━━━━━━━━━━━━━━━━━━━━

⚪ No obvious scam signs found
┈┈┈┈┈┈┈┈┈┈┈┈┈┈┈┈
💡 *Brief*
The number looks like a regular phone number\\. The number alone does not prove risk; what they asked for in the conversation matters\\.
┈┈┈┈┈┈┈┈┈┈┈┈┈┈┈┈
📌 *What I noticed*
• Valid Uzbek phone
┈┈┈┈┈┈┈┈┈┈┈┈┈┈┈┈
✅ *What to do*
• If the number called and asked for a code, money, or an app, briefly describe the call\\."
`;

exports[`formatCheckResult — UX v2 snapshots > lang=en > suspicious level 1`] = `
"🟠 *Be cautious*
━━━━━━━━━━━━━━━━━━━━

⚠️ Suspicious signs found
┈┈┈┈┈┈┈┈┈┈┈┈┈┈┈┈
⚠️ *Reasons*
• Shortened link
• Suspicious domain
┈┈┈┈┈┈┈┈┈┈┈┈┈┈┈┈
✅ *What to do*
• Do not click the link or install the APK"
`;

exports[`formatCheckResult — UX v2 snapshots > lang=en > unknown level 1`] = `
"⚪️ *Not enough data*
━━━━━━━━━━━━━━━━━━━━

🟡 Not enough data for a precise assessment
┈┈┈┈┈┈┈┈┈┈┈┈┈┈┈┈
💡 *Brief*
I see a crypto/investment topic, but no link, number, payment request, or code request\\. So far this is not an obvious scam\\.
┈┈┈┈┈┈┈┈┈┈┈┈┈┈┈┈
📌 *What I noticed*
• Unknown sender
┈┈┈┈┈┈┈┈┈┈┈┈┈┈┈┈
For a precise check, send the link, seller username, or offer text: returns, prepayment, withdrawals\\."
`;

exports[`formatCheckResult — UX v2 snapshots > lang=ru > high_risk level 1`] = `
"🔴 *Высокий риск*
━━━━━━━━━━━━━━━━━━━━

🚨 Высокий риск мошенничества
┈┈┈┈┈┈┈┈┈┈┈┈┈┈┈┈
🚨 *Что сделать*
• Не сообщайте SMS\\-код или PIN
• Спокойно положите трубку — давление это признак обмана
┈┈┈┈┈┈┈┈┈┈┈┈┈┈┈┈
📌 *Почему опасно*
• Просят SMS\\-код подтверждения
• Создают ощущение срочности
• Угрожают блокировкой счёта / карты
Сообщение содержит типичные признаки мошенничества\\.
┈┈┈┈┈┈┈┈┈┈┈┈┈┈┈┈
🧾 *Куда обратиться*
• Сохраните скриншоты переписки
• Подайте заявление: Cyber Police — 102
• Заблокируйте контакт"
`;

exports[`formatCheckResult — UX v2 snapshots > lang=ru > safe level 1`] = `
"🟢 *Безопасно*
━━━━━━━━━━━━━━━━━━━━

⚪ Явных признаков скама не найдено
┈┈┈┈┈┈┈┈┈┈┈┈┈┈┈┈
💡 *Кратко*
Номер выглядит как обычный телефонный номер\\. Сам номер не доказывает риск; важно, что у вас просили в разговоре\\.
┈┈┈┈┈┈┈┈┈┈┈┈┈┈┈┈
📌 *Что заметил*
• Корректный узбекский номер
┈┈┈┈┈┈┈┈┈┈┈┈┈┈┈┈
✅ *Что делать*
• Если номер звонил и просил код, деньги или приложение — кратко опишите разговор\\."
`;

exports[`formatCheckResult — UX v2 snapshots > lang=ru > suspicious level 1`] = `
"🟠 *Требуется осторожность*
━━━━━━━━━━━━━━━━━━━━

⚠️ Есть подозрительные признаки
┈┈┈┈┈┈┈┈┈┈┈┈┈┈┈┈
⚠️ *Причины*
• Сокращённая ссылка
• Подозрительный домен
┈┈┈┈┈┈┈┈┈┈┈┈┈┈┈┈
✅ *Что делать*
• Не переходите по ссылке и не устанавливайте APK"
`;

exports[`formatCheckResult — UX v2 snapshots > lang=ru > unknown level 1`] = `
"⚪️ *Недостаточно данных*
━━━━━━━━━━━━━━━━━━━━

🟡 Недостаточно данных для точной оценки
┈┈┈┈┈┈┈┈┈┈┈┈┈┈┈┈
💡 *Кратко*
Вижу тему крипто/инвестиций, но не вижу ссылки, номера, просьбы оплатить или кода\\. Пока это не похоже на явный скам\\.
┈┈┈┈┈┈┈┈┈┈┈┈┈┈┈┈
📌 *Что заметил*
• Отправитель неизвестен
┈┈┈┈┈┈┈┈┈┈┈┈┈┈┈┈
Для точной проверки пришлите ссылку, username продавца или текст обещаний: доходность, предоплата, вывод средств\\."
`;

exports[`formatCheckResult — UX v2 snapshots > lang=uz > high_risk level 1`] = `
"🔴 *Yuqori xavf*
━━━━━━━━━━━━━━━━━━━━

🚨 Firibgarlik xavfi yuqori
┈┈┈┈┈┈┈┈┈┈┈┈┈┈┈┈
🚨 *Nima qilish*
• SMS\\-kod yoki PIN\\-ni aytmang
• Xotirjam go'shakni qo'ying — bosim aldov belgisi
┈┈┈┈┈┈┈┈┈┈┈┈┈┈┈┈
📌 *Xavf sababi*
• SMS tasdiqlash kodini so‘rashmoqda
• Shoshilinchlik bosimi yaratmoqda
• Hisob / kartani bloklash bilan qo‘rqitmoqda
Сообщение содержит типичные признаки мошенничества\\.
┈┈┈┈┈┈┈┈┈┈┈┈┈┈┈┈
🧾 *Kimga murojaat*
• Yozishmalar skrinshotini saqlang
• Ariza bering: Cyber Police — 102
• Kontaktni bloklang"
`;

exports[`formatCheckResult — UX v2 snapshots > lang=uz > safe level 1`] = `
"🟢 *Xavfsiz*
━━━━━━━━━━━━━━━━━━━━

⚪ Aniq firibgarlik belgilari topilmadi
┈┈┈┈┈┈┈┈┈┈┈┈┈┈┈┈
💡 *Qisqacha*
Raqam oddiy telefon raqamiga o'xshaydi\\. Raqamning o'zi xavfni isbotlamaydi; suhbatda sizdan nima so'ralgani muhim\\.
┈┈┈┈┈┈┈┈┈┈┈┈┈┈┈┈
📌 *Nimani payqadim*
• To‘g‘ri O‘zbek raqami
┈┈┈┈┈┈┈┈┈┈┈┈┈┈┈┈
✅ *Nima qilish*
• Agar raqam qo'ng'iroq qilib kod, pul yoki ilova so'ragan bo'lsa, suhbatni qisqacha yozing\\."
`;

exports[`formatCheckResult — UX v2 snapshots > lang=uz > suspicious level 1`] = `
"🟠 *Ehtiyot bo‘ling*
━━━━━━━━━━━━━━━━━━━━

⚠️ Shubhali belgilar mavjud
┈┈┈┈┈┈┈┈┈┈┈┈┈┈┈┈
⚠️ *Sabablar*
• Qisqartirilgan havola
• Shubhali domen
┈┈┈┈┈┈┈┈┈┈┈┈┈┈┈┈
✅ *Nima qilish*
• Havolaga o'tmang va APK o'rnatmang"
`;

exports[`formatCheckResult — UX v2 snapshots > lang=uz > unknown level 1`] = `
"⚪️ *Ma’lumot yetarli emas*
━━━━━━━━━━━━━━━━━━━━

🟡 Aniq baho berish uchun ma'lumot yetarli emas
┈┈┈┈┈┈┈┈┈┈┈┈┈┈┈┈
💡 *Qisqacha*
Kripto/investitsiya mavzusini ko'ryapman, lekin havola, raqam, to'lov yoki kod so'rovi ko'rinmayapti\\. Hozircha bu aniq firibgarlikka o'xshamaydi\\.
┈┈┈┈┈┈┈┈┈┈┈┈┈┈┈┈
📌 *Nimani payqadim*
• Yuboruvchi noma’lum
┈┈┈┈┈┈┈┈┈┈┈┈┈┈┈┈
Aniq tekshirish uchun havola, sotuvchi username'i yoki va'dalar matnini yuboring: daromad, oldindan to'lov, pul yechish\\."
`;
