// Vitest Snapshot v1, https://vitest.dev/guide/snapshot.html

exports[`formatCheckResult — UX v2 snapshots > lang=en > high_risk level 1`] = `
"🔴 *High risk*
━━━━━━━━━━━━━━━━━━━━

🚨 High fraud risk
┈┈┈┈┈┈┈┈┈┈┈┈┈┈┈┈
🚨 *What to do*
• Do not share your SMS code or PIN
• Calmly hang up — pressure is a sign of fraud
┈┈┈┈┈┈┈┈┈┈┈┈┈┈┈┈
📌 *What I noticed*
• Asks for an SMS confirmation code
• Uses urgency pressure
• Threatens to block your account / card"
`;

exports[`formatCheckResult — UX v2 snapshots > lang=en > safe level 1`] = `
"🟢 *Safe*
━━━━━━━━━━━━━━━━━━━━

⚪ No obvious scam signs found
┈┈┈┈┈┈┈┈┈┈┈┈┈┈┈┈
💡 *Brief*
This looks like a regular Uzbek phone number\\. I cannot name the owner without an official source\\. Risk depends on what they asked during the call\\.
┈┈┈┈┈┈┈┈┈┈┈┈┈┈┈┈
📌 *What I noticed*
• Valid Uzbek phone
┈┈┈┈┈┈┈┈┈┈┈┈┈┈┈┈
✅ *What to do*
• Write what they asked for: SMS code, card data, transfer, APK, QR login, or remote access\\."
`;

exports[`formatCheckResult — UX v2 snapshots > lang=en > suspicious level 1`] = `
"🟠 *Be cautious*
━━━━━━━━━━━━━━━━━━━━

⚠️ Suspicious signs found
┈┈┈┈┈┈┈┈┈┈┈┈┈┈┈┈
📌 *What I noticed*
• Shortened link
• Suspicious domain
There are 2 confirmed reports about this contact in our database\\.
┈┈┈┈┈┈┈┈┈┈┈┈┈┈┈┈
✅ *What to do*
• Do not click the link or install the APK"
`;

exports[`formatCheckResult — UX v2 snapshots > lang=en > unknown level 1`] = `
"⚪️ *Not enough data*
━━━━━━━━━━━━━━━━━━━━

🟡 Not enough data for a precise assessment
┈┈┈┈┈┈┈┈┈┈┈┈┈┈┈┈
💡 *Brief*
I see an investment/crypto topic, but no link, contact, or payment request yet\\. Treat it as advertising: risk starts if it leads to a deposit, paid signals, a “withdrawal fee”, or wallet connection\\.
┈┈┈┈┈┈┈┈┈┈┈┈┈┈┈┈
For a precise check, send the link, author username, or terms: returns, deposit, paid signals, withdrawals, or fees\\."
`;

exports[`formatCheckResult — UX v2 snapshots > lang=ru > high_risk level 1`] = `
"🔴 *Высокий риск*
━━━━━━━━━━━━━━━━━━━━

🚨 Высокий риск мошенничества
┈┈┈┈┈┈┈┈┈┈┈┈┈┈┈┈
🚨 *Что сделать*
• Не сообщайте SMS\\-код или PIN
• Спокойно положите трубку — давление это признак обмана
┈┈┈┈┈┈┈┈┈┈┈┈┈┈┈┈
📌 *Что заметил*
• Просят SMS\\-код подтверждения
• Создают ощущение срочности
• Угрожают блокировкой счёта / карты"
`;

exports[`formatCheckResult — UX v2 snapshots > lang=ru > safe level 1`] = `
"🟢 *Безопасно*
━━━━━━━━━━━━━━━━━━━━

⚪ Явных признаков скама не найдено
┈┈┈┈┈┈┈┈┈┈┈┈┈┈┈┈
💡 *Кратко*
Похоже на обычный узбекский номер\\. Я не могу назвать владельца без официального источника\\. Риск зависит от того, что просили во время звонка\\.
┈┈┈┈┈┈┈┈┈┈┈┈┈┈┈┈
📌 *Что заметил*
• Корректный узбекский номер
┈┈┈┈┈┈┈┈┈┈┈┈┈┈┈┈
✅ *Что делать*
• Напишите, что просили: SMS\\-код, данные карты, перевод, APK, QR\\-вход или удалённый доступ\\."
`;

exports[`formatCheckResult — UX v2 snapshots > lang=ru > suspicious level 1`] = `
"🟠 *Требуется осторожность*
━━━━━━━━━━━━━━━━━━━━

⚠️ Есть подозрительные признаки
┈┈┈┈┈┈┈┈┈┈┈┈┈┈┈┈
📌 *Что заметил*
• Сокращённая ссылка
• Подозрительный домен
В базе есть 2 подтверждённых жалоб на этот контакт\\.
┈┈┈┈┈┈┈┈┈┈┈┈┈┈┈┈
✅ *Что делать*
• Не переходите по ссылке и не устанавливайте APK"
`;

exports[`formatCheckResult — UX v2 snapshots > lang=ru > unknown level 1`] = `
"⚪️ *Недостаточно данных*
━━━━━━━━━━━━━━━━━━━━

🟡 Недостаточно данных для точной оценки
┈┈┈┈┈┈┈┈┈┈┈┈┈┈┈┈
💡 *Кратко*
Вижу тему инвестиций/крипто, но пока нет ссылки, контакта или просьбы оплатить\\. Оценивайте это как рекламу: риск начинается, если дальше ведут к депозиту, платным сигналам, «комиссии за вывод» или подключению кошелька\\.
┈┈┈┈┈┈┈┈┈┈┈┈┈┈┈┈
Для точной проверки пришлите ссылку, username автора или условия: доходность, депозит, платные сигналы, вывод средств или комиссия\\."
`;

exports[`formatCheckResult — UX v2 snapshots > lang=uz > high_risk level 1`] = `
"🔴 *Yuqori xavf*
━━━━━━━━━━━━━━━━━━━━

🚨 Firibgarlik xavfi yuqori
┈┈┈┈┈┈┈┈┈┈┈┈┈┈┈┈
🚨 *Nima qilish*
• SMS\\-kod yoki PIN\\-ni aytmang
• Xotirjam go'shakni qo'ying — bosim aldov belgisi
┈┈┈┈┈┈┈┈┈┈┈┈┈┈┈┈
📌 *Nimani payqadim*
• SMS tasdiqlash kodini so‘rashmoqda
• Shoshilinchlik bosimi yaratmoqda
• Hisob / kartani bloklash bilan qo‘rqitmoqda"
`;

exports[`formatCheckResult — UX v2 snapshots > lang=uz > safe level 1`] = `
"🟢 *Xavfsiz*
━━━━━━━━━━━━━━━━━━━━

⚪ Aniq firibgarlik belgilari topilmadi
┈┈┈┈┈┈┈┈┈┈┈┈┈┈┈┈
💡 *Qisqacha*
Bu oddiy O'zbekiston raqamiga o'xshaydi\\. Rasmiy manbasiz egasini ayta olmayman\\. Xavf qo'ng'iroqda sizdan nima so'ralganiga bog'liq\\.
┈┈┈┈┈┈┈┈┈┈┈┈┈┈┈┈
📌 *Nimani payqadim*
• To‘g‘ri O‘zbek raqami
┈┈┈┈┈┈┈┈┈┈┈┈┈┈┈┈
✅ *Nima qilish*
• Nima so'rashganini yozing: SMS\\-kod, karta ma'lumoti, pul o'tkazma, APK, QR\\-login yoki masofaviy kirish\\."
`;

exports[`formatCheckResult — UX v2 snapshots > lang=uz > suspicious level 1`] = `
"🟠 *Ehtiyot bo‘ling*
━━━━━━━━━━━━━━━━━━━━

⚠️ Shubhali belgilar mavjud
┈┈┈┈┈┈┈┈┈┈┈┈┈┈┈┈
📌 *Nimani payqadim*
• Qisqartirilgan havola
• Shubhali domen
Bazada bu kontakt bo‘yicha 2 ta tasdiqlangan shikoyat bor\\.
┈┈┈┈┈┈┈┈┈┈┈┈┈┈┈┈
✅ *Nima qilish*
• Havolaga o'tmang va APK o'rnatmang"
`;

exports[`formatCheckResult — UX v2 snapshots > lang=uz > unknown level 1`] = `
"⚪️ *Ma’lumot yetarli emas*
━━━━━━━━━━━━━━━━━━━━

🟡 Aniq baho berish uchun ma'lumot yetarli emas
┈┈┈┈┈┈┈┈┈┈┈┈┈┈┈┈
💡 *Qisqacha*
Investitsiya/kripto mavzusini ko'ryapman, lekin hozircha havola, kontakt yoki to'lov so'rovi yo'q\\. Buni reklama sifatida baholang: xavf keyin depozit, pulli signal, «yechish komissiyasi» yoki hamyon ulash so'ralganda boshlanadi\\.
┈┈┈┈┈┈┈┈┈┈┈┈┈┈┈┈
Aniq tekshirish uchun havola, muallif username'i yoki shartlarni yuboring: daromad, depozit, pulli signal, pul yechish yoki komissiya\\."
`;
